// Jest Snapshot v1, https://goo.gl/fbAQLP

exports[`No Results Component should render 1`] = `
<DocumentFragment>
  <h3
    class="nextui-c-PJLV nextui-c-PJLV-isiIAY-css"
  >
    No Results Found
  </h3>
  <p
    class="nextui-c-PJLV nextui-c-PJLV-ifVnRkg-css"
  >
    These are not the results you're looking for.
  </p>
</DocumentFragment>
`;
